=== ITEM 3: per-hop mean shift-norm, wide population ===

--- band 10-15 ---
  single-node events: 1361
  events with ZERO reachable survivors at any finite hop (excluded from every hop mean, not a zero): 623 (45.78%)
  1hop        : n_events=  738  n_survivors=  1428  two-level mean=0.3114  pooled mean=0.4028  |diff|=0.0913
  2hop        : n_events=  641  n_survivors=  1233  two-level mean=0.0997  pooled mean=0.0926  |diff|=0.0071
  3hop        : n_events=  293  n_survivors=   426  two-level mean=0.0000  pooled mean=0.0000  |diff|=0.0000
  4hop        : n_events=   74  n_survivors=    91  two-level mean=0.0000  pooled mean=0.0000  |diff|=0.0000
  5hop        : n_events=   10  n_survivors=    11  two-level mean=0.0000  pooled mean=0.0000  |diff|=0.0000
  6hop        : n_events=    2  n_survivors=     2  two-level mean=0.0000  pooled mean=0.0000  |diff|=0.0000
  7hop        : n_events=    0  n_survivors=     0  two-level mean=nan  pooled mean=nan  |diff|=nan
  8hop        : n_events=    0  n_survivors=     0  two-level mean=nan  pooled mean=nan  |diff|=nan
  9hop        : n_events=    0  n_survivors=     0  two-level mean=nan  pooled mean=nan  |diff|=nan
  10hop       : n_events=    0  n_survivors=     0  two-level mean=nan  pooled mean=nan  |diff|=nan
  unreachable : n_events= 1092  n_survivors=  5271  two-level mean=0.0000  pooled mean=0.0000  |diff|=0.0000
  proxy (synthetic, probe_p.py) comparison, NOT a target: 1hop proxy=0.52 wide=0.3114 (diff -0.2086)  2hop proxy=0.32 wide=0.0997 (diff -0.2203)

--- band 30-40 ---
  single-node events: 1508
  events with ZERO reachable survivors at any finite hop (excluded from every hop mean, not a zero): 764 (50.66%)
  1hop        : n_events=  744  n_survivors=  1825  two-level mean=0.3194  pooled mean=0.3920  |diff|=0.0726
  2hop        : n_events=  730  n_survivors=  3030  two-level mean=0.0993  pooled mean=0.1090  |diff|=0.0096
  3hop        : n_events=  700  n_survivors=  2942  two-level mean=0.0000  pooled mean=0.0000  |diff|=0.0000
  4hop        : n_events=  618  n_survivors=  1890  two-level mean=0.0000  pooled mean=0.0000  |diff|=0.0000
  5hop        : n_events=  400  n_survivors=   926  two-level mean=0.0000  pooled mean=0.0000  |diff|=0.0000
  6hop        : n_events=  189  n_survivors=   352  two-level mean=0.0000  pooled mean=0.0000  |diff|=0.0000
  7hop        : n_events=   77  n_survivors=   120  two-level mean=0.0000  pooled mean=0.0000  |diff|=0.0000
  8hop        : n_events=   18  n_survivors=    24  two-level mean=0.0000  pooled mean=0.0000  |diff|=0.0000
  9hop        : n_events=    4  n_survivors=     6  two-level mean=0.0000  pooled mean=0.0000  |diff|=0.0000
  10hop       : n_events=    0  n_survivors=     0  two-level mean=nan  pooled mean=nan  |diff|=nan
  unreachable : n_events= 1485  n_survivors= 23405  two-level mean=0.0000  pooled mean=0.0000  |diff|=0.0000
  proxy (synthetic, probe_p.py) comparison, NOT a target: 1hop proxy=0.45 wide=0.3194 (diff -0.1306)  2hop proxy=0.26 wide=0.0993 (diff -0.1607)

--- band 80-100 ---
  single-node events: 2819
  events with ZERO reachable survivors at any finite hop (excluded from every hop mean, not a zero): 2197 (77.94%)
  1hop        : n_events=  622  n_survivors=  1546  two-level mean=0.3237  pooled mean=0.4060  |diff|=0.0823
  2hop        : n_events=  616  n_survivors=  2957  two-level mean=0.0996  pooled mean=0.1123  |diff|=0.0127
  3hop        : n_events=  613  n_survivors=  3991  two-level mean=0.0000  pooled mean=0.0000  |diff|=0.0000
  4hop        : n_events=  604  n_survivors=  3661  two-level mean=0.0000  pooled mean=0.0000  |diff|=0.0000
  5hop        : n_events=  543  n_survivors=  2395  two-level mean=0.0000  pooled mean=0.0000  |diff|=0.0000
  6hop        : n_events=  387  n_survivors=  1274  two-level mean=0.0000  pooled mean=0.0000  |diff|=0.0000
  7hop        : n_events=  224  n_survivors=   606  two-level mean=0.0000  pooled mean=0.0000  |diff|=0.0000
  8hop        : n_events=  102  n_survivors=   236  two-level mean=0.0000  pooled mean=0.0000  |diff|=0.0000
  9hop        : n_events=   45  n_survivors=    88  two-level mean=0.0000  pooled mean=0.0000  |diff|=0.0000
  10hop       : n_events=   21  n_survivors=    32  two-level mean=0.0000  pooled mean=0.0000  |diff|=0.0000
  unreachable : n_events= 2817  n_survivors=179366  two-level mean=0.0000  pooled mean=0.0000  |diff|=0.0000
  proxy (synthetic, probe_p.py) comparison, NOT a target: 1hop proxy=0.5 wide=0.3237 (diff -0.1763)  2hop proxy=0.31 wide=0.0996 (diff -0.2104)

Done.
