=== ITEM 2: RQ2(c) counts ===

--- band 10-15 ---
  drift CSV: total membership_leave=5101  single-node(n_touched==1)=4965  batch(n_touched>1)=136  (single+batch=5101, check: True)
  target total=5101 (diff +0)  target single=4965 (diff +0)  target batch=136 (diff +0)
  JSONL source: 38 files contributing, 28 contribute zero group-ii episodes (['rq2c_10-15_seed100_29.jsonl', 'rq2c_10-15_seed100_45.jsonl', 'rq2c_10-15_seed100_54.jsonl', 'rq2c_10-15_seed100_61.jsonl', 'rq2c_10-15_seed100_62.jsonl', 'rq2c_10-15_seed100_76.jsonl', 'rq2c_10-15_seed123_29.jsonl', 'rq2c_10-15_seed123_4.jsonl', 'rq2c_10-15_seed123_45.jsonl', 'rq2c_10-15_seed123_54.jsonl', 'rq2c_10-15_seed123_61.jsonl', 'rq2c_10-15_seed123_62.jsonl', 'rq2c_10-15_seed123_76.jsonl', 'rq2c_10-15_seed200_45.jsonl', 'rq2c_10-15_seed200_61.jsonl', 'rq2c_10-15_seed200_62.jsonl', 'rq2c_10-15_seed200_76.jsonl', 'rq2c_10-15_seed300_29.jsonl', 'rq2c_10-15_seed300_4.jsonl', 'rq2c_10-15_seed300_45.jsonl', 'rq2c_10-15_seed300_54.jsonl', 'rq2c_10-15_seed300_61.jsonl', 'rq2c_10-15_seed300_62.jsonl', 'rq2c_10-15_seed42_29.jsonl', 'rq2c_10-15_seed42_45.jsonl', 'rq2c_10-15_seed42_54.jsonl', 'rq2c_10-15_seed42_61.jsonl', 'rq2c_10-15_seed42_76.jsonl'])
  group_i=1176  group_ii=3789
  episode clusters, (seed,episode) 2-tuple [MATCHES the actual code exactly]: 173  target=173  diff=+0
  episode clusters, (seed,scenario,episode) 3-tuple [does NOT match the code -- kept for the record]: 730  diff vs target=+557

--- band 30-40 ---
  drift CSV: total membership_leave=1651  single-node(n_touched==1)=1483  batch(n_touched>1)=168  (single+batch=1651, check: True)
  target total=1651 (diff +0)  target single=1483 (diff +0)  target batch=168 (diff +0)
  JSONL source: 23 files contributing, 13 contribute zero group-ii episodes (['rq2c_30-40_seed100_19.jsonl', 'rq2c_30-40_seed100_32.jsonl', 'rq2c_30-40_seed100_44.jsonl', 'rq2c_30-40_seed100_92.jsonl', 'rq2c_30-40_seed123_64.jsonl', 'rq2c_30-40_seed200_32.jsonl', 'rq2c_30-40_seed200_44.jsonl', 'rq2c_30-40_seed300_3.jsonl', 'rq2c_30-40_seed300_32.jsonl', 'rq2c_30-40_seed300_92.jsonl', 'rq2c_30-40_seed42_32.jsonl', 'rq2c_30-40_seed42_50.jsonl', 'rq2c_30-40_seed42_64.jsonl'])
  group_i=101  group_ii=1382
  episode clusters, (seed,episode) 2-tuple [MATCHES the actual code exactly]: 49  target=49  diff=+0
  episode clusters, (seed,scenario,episode) 3-tuple [does NOT match the code -- kept for the record]: 148  diff vs target=+99

--- band 80-100 ---
  drift CSV: total membership_leave=2962  single-node(n_touched==1)=2708  batch(n_touched>1)=254  (single+batch=2962, check: True)
  target total=2962 (diff +0)  target single=2708 (diff +0)  target batch=254 (diff +0)
  JSONL source: 26 files contributing, 16 contribute zero group-ii episodes (['rq2c_80-100_seed100_100.jsonl', 'rq2c_80-100_seed100_5.jsonl', 'rq2c_80-100_seed100_67.jsonl', 'rq2c_80-100_seed123_2.jsonl', 'rq2c_80-100_seed123_5.jsonl', 'rq2c_80-100_seed123_67.jsonl', 'rq2c_80-100_seed123_90.jsonl', 'rq2c_80-100_seed200_18.jsonl', 'rq2c_80-100_seed200_2.jsonl', 'rq2c_80-100_seed200_5.jsonl', 'rq2c_80-100_seed300_18.jsonl', 'rq2c_80-100_seed300_5.jsonl', 'rq2c_80-100_seed300_67.jsonl', 'rq2c_80-100_seed300_90.jsonl', 'rq2c_80-100_seed42_67.jsonl', 'rq2c_80-100_seed42_90.jsonl'])
  group_i=27  group_ii=2681
  episode clusters, (seed,episode) 2-tuple [MATCHES the actual code exactly]: 66  target=66  diff=+0
  episode clusters, (seed,scenario,episode) 3-tuple [does NOT match the code -- kept for the record]: 208  diff vs target=+142

Done.
