==================== band 10-15 ====================
metric='train/Root owned nodes'  window=50000  threshold=5.0%
       run       stop       pre       fin    Delta%  within?
    seed42     250000     2.583     2.769    +7.20%       no
   seed100     250000     2.333     2.846   +21.98%       no
   seed123     250000     2.667     2.538    -4.81%      YES
   seed200     250000     2.417     3.308   +36.87%       no
   seed300     250000     2.667     2.615    -1.92%      YES

mean|Delta%| = 14.55%  (>=5.0%)
within-band  = 2/5  (need >= 4)
BAND VERDICT (F4 rule): NOT CONVERGED

==================== band 30-40 ====================
metric='train/Root owned nodes'  window=50000  threshold=5.0%
       run       stop       pre       fin    Delta%  within?
    seed42     250000    16.750    16.692    -0.34%      YES
   seed100     250000    16.833    13.769   -18.20%       no
   seed123     250000    15.083    15.769    +4.55%      YES
   seed200     250000    15.750    16.231    +3.05%      YES
   seed300     250000    15.667    15.615    -0.33%      YES

mean|Delta%| = 5.29%  (>=5.0%)
within-band  = 4/5  (need >= 4)
BAND VERDICT (F4 rule): NOT CONVERGED

==================== band 80-100 ====================
metric='train/Root owned nodes'  window=50000  threshold=5.0%
       run       stop       pre       fin    Delta%  within?
    seed42     250000    19.500    24.154   +23.87%       no
   seed100     250000    26.250    26.692    +1.68%      YES
   seed123     250000    21.833    25.231   +15.56%       no
   seed200     250000    28.833    25.923   -10.09%       no
   seed300     250000    18.250    27.077   +48.37%       no

mean|Delta%| = 19.91%  (>=5.0%)
within-band  = 1/5  (need >= 4)
BAND VERDICT (F4 rule): NOT CONVERGED

